// Jest Snapshot v1, https://goo.gl/fbAQLP

exports[`LeagueClassification component must render properly 1`] = `
ShallowWrapper {
  "length": 1,
  Symbol(enzyme.__root__): [Circular],
  Symbol(enzyme.__unrendered__): <TableExampleSimple
    getStandings={
      [MockFunction] {
        "calls": Array [
          Array [
            825,
          ],
        ],
      }
    }
    standings={
      Array [
        Object {
          "overall": Object {
            "draw": 3,
            "games_played": 4,
            "goals_scored": 5,
            "lost": 6,
            "won": 7,
          },
          "points": 8,
          "position": 2,
          "team_id": 1,
          "team_name": "sample",
          "total": Object {
            "goal_difference": "+1",
          },
        },
      ]
    }
  />,
  Symbol(enzyme.__renderer__): Object {
    "batchedUpdates": [Function],
    "getNode": [Function],
    "render": [Function],
    "simulateEvent": [Function],
    "unmount": [Function],
  },
  Symbol(enzyme.__node__): Object {
    "instance": null,
    "key": undefined,
    "nodeType": "class",
    "props": Object {
      "allRowsSelected": false,
      "children": Array [
        <TableHeader
          adjustForCheckbox={false}
          displaySelectAll={false}
          enableSelectAll={true}
          selectAllSelected={false}
        >
          <TableRow
            displayBorder={true}
            hoverable={false}
            hovered={false}
            selectable={true}
            striped={false}
          >
            <TableHeaderColumn>
              Position
            </TableHeaderColumn>
            <TableHeaderColumn>
              Team name
            </TableHeaderColumn>
            <TableHeaderColumn>
              Played
            </TableHeaderColumn>
            <TableHeaderColumn>
              Won
            </TableHeaderColumn>
            <TableHeaderColumn>
              Drawn
            </TableHeaderColumn>
            <TableHeaderColumn>
              Lost
            </TableHeaderColumn>
            <TableHeaderColumn>
              Goal
            </TableHeaderColumn>
            <TableHeaderColumn>
              Difference
            </TableHeaderColumn>
            <TableHeaderColumn>
              Points
            </TableHeaderColumn>
          </TableRow>
        </TableHeader>,
        <TableBody
          allRowsSelected={false}
          deselectOnClickaway={true}
          displayRowCheckbox={false}
          multiSelectable={false}
          preScanRows={true}
          selectable={true}
          style={Object {}}
        >
          <TableRow
            displayBorder={true}
            hoverable={false}
            hovered={false}
            selectable={true}
            striped={false}
          >
            <TableRowColumn
              hoverable={false}
            >
              1
            </TableRowColumn>
            <TableRowColumn
              hoverable={false}
            >
              sample
            </TableRowColumn>
            <TableRowColumn
              hoverable={false}
            >
              4
            </TableRowColumn>
            <TableRowColumn
              hoverable={false}
            >
              7
            </TableRowColumn>
            <TableRowColumn
              hoverable={false}
            >
              3
            </TableRowColumn>
            <TableRowColumn
              hoverable={false}
            >
              6
            </TableRowColumn>
            <TableRowColumn
              hoverable={false}
            >
              5
            </TableRowColumn>
            <TableRowColumn
              hoverable={false}
            >
              +1
            </TableRowColumn>
            <TableRowColumn
              hoverable={false}
            >
              8
            </TableRowColumn>
          </TableRow>
        </TableBody>,
      ],
      "fixedFooter": true,
      "fixedHeader": true,
      "height": "inherit",
      "multiSelectable": false,
      "selectable": true,
    },
    "ref": null,
    "rendered": Array [
      Object {
        "instance": null,
        "key": undefined,
        "nodeType": "class",
        "props": Object {
          "adjustForCheckbox": false,
          "children": <TableRow
            displayBorder={true}
            hoverable={false}
            hovered={false}
            selectable={true}
            striped={false}
          >
            <TableHeaderColumn>
              Position
            </TableHeaderColumn>
            <TableHeaderColumn>
              Team name
            </TableHeaderColumn>
            <TableHeaderColumn>
              Played
            </TableHeaderColumn>
            <TableHeaderColumn>
              Won
            </TableHeaderColumn>
            <TableHeaderColumn>
              Drawn
            </TableHeaderColumn>
            <TableHeaderColumn>
              Lost
            </TableHeaderColumn>
            <TableHeaderColumn>
              Goal
            </TableHeaderColumn>
            <TableHeaderColumn>
              Difference
            </TableHeaderColumn>
            <TableHeaderColumn>
              Points
            </TableHeaderColumn>
          </TableRow>,
          "displaySelectAll": false,
          "enableSelectAll": true,
          "selectAllSelected": false,
        },
        "ref": null,
        "rendered": Object {
          "instance": null,
          "key": undefined,
          "nodeType": "class",
          "props": Object {
            "children": Array [
              <TableHeaderColumn>
                Position
              </TableHeaderColumn>,
              <TableHeaderColumn>
                Team name
              </TableHeaderColumn>,
              <TableHeaderColumn>
                Played
              </TableHeaderColumn>,
              <TableHeaderColumn>
                Won
              </TableHeaderColumn>,
              <TableHeaderColumn>
                Drawn
              </TableHeaderColumn>,
              <TableHeaderColumn>
                Lost
              </TableHeaderColumn>,
              <TableHeaderColumn>
                Goal
              </TableHeaderColumn>,
              <TableHeaderColumn>
                Difference
              </TableHeaderColumn>,
              <TableHeaderColumn>
                Points
              </TableHeaderColumn>,
            ],
            "displayBorder": true,
            "hoverable": false,
            "hovered": false,
            "selectable": true,
            "striped": false,
          },
          "ref": null,
          "rendered": Array [
            Object {
              "instance": null,
              "key": undefined,
              "nodeType": "class",
              "props": Object {
                "children": "Position",
              },
              "ref": null,
              "rendered": "Position",
              "type": [Function],
            },
            Object {
              "instance": null,
              "key": undefined,
              "nodeType": "class",
              "props": Object {
                "children": "Team name",
              },
              "ref": null,
              "rendered": "Team name",
              "type": [Function],
            },
            Object {
              "instance": null,
              "key": undefined,
              "nodeType": "class",
              "props": Object {
                "children": "Played",
              },
              "ref": null,
              "rendered": "Played",
              "type": [Function],
            },
            Object {
              "instance": null,
              "key": undefined,
              "nodeType": "class",
              "props": Object {
                "children": "Won",
              },
              "ref": null,
              "rendered": "Won",
              "type": [Function],
            },
            Object {
              "instance": null,
              "key": undefined,
              "nodeType": "class",
              "props": Object {
                "children": "Drawn",
              },
              "ref": null,
              "rendered": "Drawn",
              "type": [Function],
            },
            Object {
              "instance": null,
              "key": undefined,
              "nodeType": "class",
              "props": Object {
                "children": "Lost",
              },
              "ref": null,
              "rendered": "Lost",
              "type": [Function],
            },
            Object {
              "instance": null,
              "key": undefined,
              "nodeType": "class",
              "props": Object {
                "children": "Goal",
              },
              "ref": null,
              "rendered": "Goal",
              "type": [Function],
            },
            Object {
              "instance": null,
              "key": undefined,
              "nodeType": "class",
              "props": Object {
                "children": "Difference",
              },
              "ref": null,
              "rendered": "Difference",
              "type": [Function],
            },
            Object {
              "instance": null,
              "key": undefined,
              "nodeType": "class",
              "props": Object {
                "children": "Points",
              },
              "ref": null,
              "rendered": "Points",
              "type": [Function],
            },
          ],
          "type": [Function],
        },
        "type": [Function],
      },
      Object {
        "instance": null,
        "key": undefined,
        "nodeType": "class",
        "props": Object {
          "allRowsSelected": false,
          "children": Array [
            <TableRow
              displayBorder={true}
              hoverable={false}
              hovered={false}
              selectable={true}
              striped={false}
            >
              <TableRowColumn
                hoverable={false}
              >
                1
              </TableRowColumn>
              <TableRowColumn
                hoverable={false}
              >
                sample
              </TableRowColumn>
              <TableRowColumn
                hoverable={false}
              >
                4
              </TableRowColumn>
              <TableRowColumn
                hoverable={false}
              >
                7
              </TableRowColumn>
              <TableRowColumn
                hoverable={false}
              >
                3
              </TableRowColumn>
              <TableRowColumn
                hoverable={false}
              >
                6
              </TableRowColumn>
              <TableRowColumn
                hoverable={false}
              >
                5
              </TableRowColumn>
              <TableRowColumn
                hoverable={false}
              >
                +1
              </TableRowColumn>
              <TableRowColumn
                hoverable={false}
              >
                8
              </TableRowColumn>
            </TableRow>,
          ],
          "deselectOnClickaway": true,
          "displayRowCheckbox": false,
          "multiSelectable": false,
          "preScanRows": true,
          "selectable": true,
          "style": Object {},
        },
        "ref": null,
        "rendered": Array [
          Object {
            "instance": null,
            "key": "1",
            "nodeType": "class",
            "props": Object {
              "children": Array [
                <TableRowColumn
                  hoverable={false}
                >
                  1
                </TableRowColumn>,
                <TableRowColumn
                  hoverable={false}
                >
                  sample
                </TableRowColumn>,
                <TableRowColumn
                  hoverable={false}
                >
                  4
                </TableRowColumn>,
                <TableRowColumn
                  hoverable={false}
                >
                  7
                </TableRowColumn>,
                <TableRowColumn
                  hoverable={false}
                >
                  3
                </TableRowColumn>,
                <TableRowColumn
                  hoverable={false}
                >
                  6
                </TableRowColumn>,
                <TableRowColumn
                  hoverable={false}
                >
                  5
                </TableRowColumn>,
                <TableRowColumn
                  hoverable={false}
                >
                  +1
                </TableRowColumn>,
                <TableRowColumn
                  hoverable={false}
                >
                  8
                </TableRowColumn>,
              ],
              "displayBorder": true,
              "hoverable": false,
              "hovered": false,
              "selectable": true,
              "striped": false,
            },
            "ref": null,
            "rendered": Array [
              Object {
                "instance": null,
                "key": undefined,
                "nodeType": "class",
                "props": Object {
                  "children": 1,
                  "hoverable": false,
                },
                "ref": null,
                "rendered": 1,
                "type": [Function],
              },
              Object {
                "instance": null,
                "key": undefined,
                "nodeType": "class",
                "props": Object {
                  "children": "sample",
                  "hoverable": false,
                },
                "ref": null,
                "rendered": "sample",
                "type": [Function],
              },
              Object {
                "instance": null,
                "key": undefined,
                "nodeType": "class",
                "props": Object {
                  "children": 4,
                  "hoverable": false,
                },
                "ref": null,
                "rendered": 4,
                "type": [Function],
              },
              Object {
                "instance": null,
                "key": undefined,
                "nodeType": "class",
                "props": Object {
                  "children": 7,
                  "hoverable": false,
                },
                "ref": null,
                "rendered": 7,
                "type": [Function],
              },
              Object {
                "instance": null,
                "key": undefined,
                "nodeType": "class",
                "props": Object {
                  "children": 3,
                  "hoverable": false,
                },
                "ref": null,
                "rendered": 3,
                "type": [Function],
              },
              Object {
                "instance": null,
                "key": undefined,
                "nodeType": "class",
                "props": Object {
                  "children": 6,
                  "hoverable": false,
                },
                "ref": null,
                "rendered": 6,
                "type": [Function],
              },
              Object {
                "instance": null,
                "key": undefined,
                "nodeType": "class",
                "props": Object {
                  "children": 5,
                  "hoverable": false,
                },
                "ref": null,
                "rendered": 5,
                "type": [Function],
              },
              Object {
                "instance": null,
                "key": undefined,
                "nodeType": "class",
                "props": Object {
                  "children": "+1",
                  "hoverable": false,
                },
                "ref": null,
                "rendered": "+1",
                "type": [Function],
              },
              Object {
                "instance": null,
                "key": undefined,
                "nodeType": "class",
                "props": Object {
                  "children": 8,
                  "hoverable": false,
                },
                "ref": null,
                "rendered": 8,
                "type": [Function],
              },
            ],
            "type": [Function],
          },
        ],
        "type": [Function],
      },
    ],
    "type": [Function],
  },
  Symbol(enzyme.__nodes__): Array [
    Object {
      "instance": null,
      "key": undefined,
      "nodeType": "class",
      "props": Object {
        "allRowsSelected": false,
        "children": Array [
          <TableHeader
            adjustForCheckbox={false}
            displaySelectAll={false}
            enableSelectAll={true}
            selectAllSelected={false}
          >
            <TableRow
              displayBorder={true}
              hoverable={false}
              hovered={false}
              selectable={true}
              striped={false}
            >
              <TableHeaderColumn>
                Position
              </TableHeaderColumn>
              <TableHeaderColumn>
                Team name
              </TableHeaderColumn>
              <TableHeaderColumn>
                Played
              </TableHeaderColumn>
              <TableHeaderColumn>
                Won
              </TableHeaderColumn>
              <TableHeaderColumn>
                Drawn
              </TableHeaderColumn>
              <TableHeaderColumn>
                Lost
              </TableHeaderColumn>
              <TableHeaderColumn>
                Goal
              </TableHeaderColumn>
              <TableHeaderColumn>
                Difference
              </TableHeaderColumn>
              <TableHeaderColumn>
                Points
              </TableHeaderColumn>
            </TableRow>
          </TableHeader>,
          <TableBody
            allRowsSelected={false}
            deselectOnClickaway={true}
            displayRowCheckbox={false}
            multiSelectable={false}
            preScanRows={true}
            selectable={true}
            style={Object {}}
          >
            <TableRow
              displayBorder={true}
              hoverable={false}
              hovered={false}
              selectable={true}
              striped={false}
            >
              <TableRowColumn
                hoverable={false}
              >
                1
              </TableRowColumn>
              <TableRowColumn
                hoverable={false}
              >
                sample
              </TableRowColumn>
              <TableRowColumn
                hoverable={false}
              >
                4
              </TableRowColumn>
              <TableRowColumn
                hoverable={false}
              >
                7
              </TableRowColumn>
              <TableRowColumn
                hoverable={false}
              >
                3
              </TableRowColumn>
              <TableRowColumn
                hoverable={false}
              >
                6
              </TableRowColumn>
              <TableRowColumn
                hoverable={false}
              >
                5
              </TableRowColumn>
              <TableRowColumn
                hoverable={false}
              >
                +1
              </TableRowColumn>
              <TableRowColumn
                hoverable={false}
              >
                8
              </TableRowColumn>
            </TableRow>
          </TableBody>,
        ],
        "fixedFooter": true,
        "fixedHeader": true,
        "height": "inherit",
        "multiSelectable": false,
        "selectable": true,
      },
      "ref": null,
      "rendered": Array [
        Object {
          "instance": null,
          "key": undefined,
          "nodeType": "class",
          "props": Object {
            "adjustForCheckbox": false,
            "children": <TableRow
              displayBorder={true}
              hoverable={false}
              hovered={false}
              selectable={true}
              striped={false}
            >
              <TableHeaderColumn>
                Position
              </TableHeaderColumn>
              <TableHeaderColumn>
                Team name
              </TableHeaderColumn>
              <TableHeaderColumn>
                Played
              </TableHeaderColumn>
              <TableHeaderColumn>
                Won
              </TableHeaderColumn>
              <TableHeaderColumn>
                Drawn
              </TableHeaderColumn>
              <TableHeaderColumn>
                Lost
              </TableHeaderColumn>
              <TableHeaderColumn>
                Goal
              </TableHeaderColumn>
              <TableHeaderColumn>
                Difference
              </TableHeaderColumn>
              <TableHeaderColumn>
                Points
              </TableHeaderColumn>
            </TableRow>,
            "displaySelectAll": false,
            "enableSelectAll": true,
            "selectAllSelected": false,
          },
          "ref": null,
          "rendered": Object {
            "instance": null,
            "key": undefined,
            "nodeType": "class",
            "props": Object {
              "children": Array [
                <TableHeaderColumn>
                  Position
                </TableHeaderColumn>,
                <TableHeaderColumn>
                  Team name
                </TableHeaderColumn>,
                <TableHeaderColumn>
                  Played
                </TableHeaderColumn>,
                <TableHeaderColumn>
                  Won
                </TableHeaderColumn>,
                <TableHeaderColumn>
                  Drawn
                </TableHeaderColumn>,
                <TableHeaderColumn>
                  Lost
                </TableHeaderColumn>,
                <TableHeaderColumn>
                  Goal
                </TableHeaderColumn>,
                <TableHeaderColumn>
                  Difference
                </TableHeaderColumn>,
                <TableHeaderColumn>
                  Points
                </TableHeaderColumn>,
              ],
              "displayBorder": true,
              "hoverable": false,
              "hovered": false,
              "selectable": true,
              "striped": false,
            },
            "ref": null,
            "rendered": Array [
              Object {
                "instance": null,
                "key": undefined,
                "nodeType": "class",
                "props": Object {
                  "children": "Position",
                },
                "ref": null,
                "rendered": "Position",
                "type": [Function],
              },
              Object {
                "instance": null,
                "key": undefined,
                "nodeType": "class",
                "props": Object {
                  "children": "Team name",
                },
                "ref": null,
                "rendered": "Team name",
                "type": [Function],
              },
              Object {
                "instance": null,
                "key": undefined,
                "nodeType": "class",
                "props": Object {
                  "children": "Played",
                },
                "ref": null,
                "rendered": "Played",
                "type": [Function],
              },
              Object {
                "instance": null,
                "key": undefined,
                "nodeType": "class",
                "props": Object {
                  "children": "Won",
                },
                "ref": null,
                "rendered": "Won",
                "type": [Function],
              },
              Object {
                "instance": null,
                "key": undefined,
                "nodeType": "class",
                "props": Object {
                  "children": "Drawn",
                },
                "ref": null,
                "rendered": "Drawn",
                "type": [Function],
              },
              Object {
                "instance": null,
                "key": undefined,
                "nodeType": "class",
                "props": Object {
                  "children": "Lost",
                },
                "ref": null,
                "rendered": "Lost",
                "type": [Function],
              },
              Object {
                "instance": null,
                "key": undefined,
                "nodeType": "class",
                "props": Object {
                  "children": "Goal",
                },
                "ref": null,
                "rendered": "Goal",
                "type": [Function],
              },
              Object {
                "instance": null,
                "key": undefined,
                "nodeType": "class",
                "props": Object {
                  "children": "Difference",
                },
                "ref": null,
                "rendered": "Difference",
                "type": [Function],
              },
              Object {
                "instance": null,
                "key": undefined,
                "nodeType": "class",
                "props": Object {
                  "children": "Points",
                },
                "ref": null,
                "rendered": "Points",
                "type": [Function],
              },
            ],
            "type": [Function],
          },
          "type": [Function],
        },
        Object {
          "instance": null,
          "key": undefined,
          "nodeType": "class",
          "props": Object {
            "allRowsSelected": false,
            "children": Array [
              <TableRow
                displayBorder={true}
                hoverable={false}
                hovered={false}
                selectable={true}
                striped={false}
              >
                <TableRowColumn
                  hoverable={false}
                >
                  1
                </TableRowColumn>
                <TableRowColumn
                  hoverable={false}
                >
                  sample
                </TableRowColumn>
                <TableRowColumn
                  hoverable={false}
                >
                  4
                </TableRowColumn>
                <TableRowColumn
                  hoverable={false}
                >
                  7
                </TableRowColumn>
                <TableRowColumn
                  hoverable={false}
                >
                  3
                </TableRowColumn>
                <TableRowColumn
                  hoverable={false}
                >
                  6
                </TableRowColumn>
                <TableRowColumn
                  hoverable={false}
                >
                  5
                </TableRowColumn>
                <TableRowColumn
                  hoverable={false}
                >
                  +1
                </TableRowColumn>
                <TableRowColumn
                  hoverable={false}
                >
                  8
                </TableRowColumn>
              </TableRow>,
            ],
            "deselectOnClickaway": true,
            "displayRowCheckbox": false,
            "multiSelectable": false,
            "preScanRows": true,
            "selectable": true,
            "style": Object {},
          },
          "ref": null,
          "rendered": Array [
            Object {
              "instance": null,
              "key": "1",
              "nodeType": "class",
              "props": Object {
                "children": Array [
                  <TableRowColumn
                    hoverable={false}
                  >
                    1
                  </TableRowColumn>,
                  <TableRowColumn
                    hoverable={false}
                  >
                    sample
                  </TableRowColumn>,
                  <TableRowColumn
                    hoverable={false}
                  >
                    4
                  </TableRowColumn>,
                  <TableRowColumn
                    hoverable={false}
                  >
                    7
                  </TableRowColumn>,
                  <TableRowColumn
                    hoverable={false}
                  >
                    3
                  </TableRowColumn>,
                  <TableRowColumn
                    hoverable={false}
                  >
                    6
                  </TableRowColumn>,
                  <TableRowColumn
                    hoverable={false}
                  >
                    5
                  </TableRowColumn>,
                  <TableRowColumn
                    hoverable={false}
                  >
                    +1
                  </TableRowColumn>,
                  <TableRowColumn
                    hoverable={false}
                  >
                    8
                  </TableRowColumn>,
                ],
                "displayBorder": true,
                "hoverable": false,
                "hovered": false,
                "selectable": true,
                "striped": false,
              },
              "ref": null,
              "rendered": Array [
                Object {
                  "instance": null,
                  "key": undefined,
                  "nodeType": "class",
                  "props": Object {
                    "children": 1,
                    "hoverable": false,
                  },
                  "ref": null,
                  "rendered": 1,
                  "type": [Function],
                },
                Object {
                  "instance": null,
                  "key": undefined,
                  "nodeType": "class",
                  "props": Object {
                    "children": "sample",
                    "hoverable": false,
                  },
                  "ref": null,
                  "rendered": "sample",
                  "type": [Function],
                },
                Object {
                  "instance": null,
                  "key": undefined,
                  "nodeType": "class",
                  "props": Object {
                    "children": 4,
                    "hoverable": false,
                  },
                  "ref": null,
                  "rendered": 4,
                  "type": [Function],
                },
                Object {
                  "instance": null,
                  "key": undefined,
                  "nodeType": "class",
                  "props": Object {
                    "children": 7,
                    "hoverable": false,
                  },
                  "ref": null,
                  "rendered": 7,
                  "type": [Function],
                },
                Object {
                  "instance": null,
                  "key": undefined,
                  "nodeType": "class",
                  "props": Object {
                    "children": 3,
                    "hoverable": false,
                  },
                  "ref": null,
                  "rendered": 3,
                  "type": [Function],
                },
                Object {
                  "instance": null,
                  "key": undefined,
                  "nodeType": "class",
                  "props": Object {
                    "children": 6,
                    "hoverable": false,
                  },
                  "ref": null,
                  "rendered": 6,
                  "type": [Function],
                },
                Object {
                  "instance": null,
                  "key": undefined,
                  "nodeType": "class",
                  "props": Object {
                    "children": 5,
                    "hoverable": false,
                  },
                  "ref": null,
                  "rendered": 5,
                  "type": [Function],
                },
                Object {
                  "instance": null,
                  "key": undefined,
                  "nodeType": "class",
                  "props": Object {
                    "children": "+1",
                    "hoverable": false,
                  },
                  "ref": null,
                  "rendered": "+1",
                  "type": [Function],
                },
                Object {
                  "instance": null,
                  "key": undefined,
                  "nodeType": "class",
                  "props": Object {
                    "children": 8,
                    "hoverable": false,
                  },
                  "ref": null,
                  "rendered": 8,
                  "type": [Function],
                },
              ],
              "type": [Function],
            },
          ],
          "type": [Function],
        },
      ],
      "type": [Function],
    },
  ],
  Symbol(enzyme.__options__): Object {
    "adapter": ReactSixteenAdapter {
      "options": Object {
        "enableComponentDidUpdateOnSetState": true,
      },
    },
  },
}
`;
