// Jest Snapshot v1, https://goo.gl/fbAQLP

exports[`Global error component must render properly 1`] = `
ShallowWrapper {
  "length": 1,
  Symbol(enzyme.__root__): [Circular],
  Symbol(enzyme.__unrendered__): <GlobalError
    errors={
      Array [
        Object {
          "code": 1,
          "message": "sample",
        },
      ]
    }
  />,
  Symbol(enzyme.__renderer__): Object {
    "batchedUpdates": [Function],
    "getNode": [Function],
    "render": [Function],
    "simulateEvent": [Function],
    "unmount": [Function],
  },
  Symbol(enzyme.__node__): Array [
    <WithStyles(CustomSnackbar)
      message="sample"
      onClose={[Function]}
      open={true}
    />,
  ],
  Symbol(enzyme.__nodes__): Array [
    Array [
      <WithStyles(CustomSnackbar)
        message="sample"
        onClose={[Function]}
        open={true}
      />,
    ],
  ],
  Symbol(enzyme.__options__): Object {
    "adapter": ReactSixteenAdapter {
      "options": Object {
        "enableComponentDidUpdateOnSetState": true,
      },
    },
  },
}
`;
