// Jest Snapshot v1, https://goo.gl/fbAQLP

exports[`Home component must render properly 1`] = `
ShallowWrapper {
  "length": 1,
  Symbol(enzyme.__root__): [Circular],
  Symbol(enzyme.__unrendered__): <Home />,
  Symbol(enzyme.__renderer__): Object {
    "batchedUpdates": [Function],
    "getNode": [Function],
    "render": [Function],
    "simulateEvent": [Function],
    "unmount": [Function],
  },
  Symbol(enzyme.__node__): Object {
    "instance": null,
    "key": undefined,
    "nodeType": "class",
    "props": Object {
      "children": Array [
        <styled.div>
          <Link
            href="https://www.sportmonks.com"
          >
            <styled.img
              alt="soccreama"
              src="test-file-stub"
            />
          </Link>
        </styled.div>,
        <styled.div>
          <Connect(League) />
        </styled.div>,
        <styled.div>
          <Link
            href="https://www.sportmonks.com"
          >
            SportMonks
          </Link>
           provides fast and reliable data for different kind of sports.
        </styled.div>,
      ],
    },
    "ref": null,
    "rendered": Array [
      Object {
        "instance": null,
        "key": undefined,
        "nodeType": "class",
        "props": Object {
          "children": <Link
            href="https://www.sportmonks.com"
          >
            <styled.img
              alt="soccreama"
              src="test-file-stub"
            />
          </Link>,
        },
        "ref": null,
        "rendered": Object {
          "instance": null,
          "key": undefined,
          "nodeType": "function",
          "props": Object {
            "children": <styled.img
              alt="soccreama"
              src="test-file-stub"
            />,
            "href": "https://www.sportmonks.com",
          },
          "ref": null,
          "rendered": Object {
            "instance": null,
            "key": undefined,
            "nodeType": "class",
            "props": Object {
              "alt": "soccreama",
              "src": "test-file-stub",
            },
            "ref": null,
            "rendered": null,
            "type": [Function],
          },
          "type": [Function],
        },
        "type": [Function],
      },
      Object {
        "instance": null,
        "key": undefined,
        "nodeType": "class",
        "props": Object {
          "children": <Connect(League) />,
        },
        "ref": null,
        "rendered": Object {
          "instance": null,
          "key": undefined,
          "nodeType": "class",
          "props": Object {},
          "ref": null,
          "rendered": null,
          "type": [Function],
        },
        "type": [Function],
      },
      Object {
        "instance": null,
        "key": undefined,
        "nodeType": "class",
        "props": Object {
          "children": Array [
            <Link
              href="https://www.sportmonks.com"
            >
              SportMonks
            </Link>,
            " provides fast and reliable data for different kind of sports.",
          ],
        },
        "ref": null,
        "rendered": Array [
          Object {
            "instance": null,
            "key": undefined,
            "nodeType": "function",
            "props": Object {
              "children": "SportMonks",
              "href": "https://www.sportmonks.com",
            },
            "ref": null,
            "rendered": "SportMonks",
            "type": [Function],
          },
          " provides fast and reliable data for different kind of sports.",
        ],
        "type": [Function],
      },
    ],
    "type": [Function],
  },
  Symbol(enzyme.__nodes__): Array [
    Object {
      "instance": null,
      "key": undefined,
      "nodeType": "class",
      "props": Object {
        "children": Array [
          <styled.div>
            <Link
              href="https://www.sportmonks.com"
            >
              <styled.img
                alt="soccreama"
                src="test-file-stub"
              />
            </Link>
          </styled.div>,
          <styled.div>
            <Connect(League) />
          </styled.div>,
          <styled.div>
            <Link
              href="https://www.sportmonks.com"
            >
              SportMonks
            </Link>
             provides fast and reliable data for different kind of sports.
          </styled.div>,
        ],
      },
      "ref": null,
      "rendered": Array [
        Object {
          "instance": null,
          "key": undefined,
          "nodeType": "class",
          "props": Object {
            "children": <Link
              href="https://www.sportmonks.com"
            >
              <styled.img
                alt="soccreama"
                src="test-file-stub"
              />
            </Link>,
          },
          "ref": null,
          "rendered": Object {
            "instance": null,
            "key": undefined,
            "nodeType": "function",
            "props": Object {
              "children": <styled.img
                alt="soccreama"
                src="test-file-stub"
              />,
              "href": "https://www.sportmonks.com",
            },
            "ref": null,
            "rendered": Object {
              "instance": null,
              "key": undefined,
              "nodeType": "class",
              "props": Object {
                "alt": "soccreama",
                "src": "test-file-stub",
              },
              "ref": null,
              "rendered": null,
              "type": [Function],
            },
            "type": [Function],
          },
          "type": [Function],
        },
        Object {
          "instance": null,
          "key": undefined,
          "nodeType": "class",
          "props": Object {
            "children": <Connect(League) />,
          },
          "ref": null,
          "rendered": Object {
            "instance": null,
            "key": undefined,
            "nodeType": "class",
            "props": Object {},
            "ref": null,
            "rendered": null,
            "type": [Function],
          },
          "type": [Function],
        },
        Object {
          "instance": null,
          "key": undefined,
          "nodeType": "class",
          "props": Object {
            "children": Array [
              <Link
                href="https://www.sportmonks.com"
              >
                SportMonks
              </Link>,
              " provides fast and reliable data for different kind of sports.",
            ],
          },
          "ref": null,
          "rendered": Array [
            Object {
              "instance": null,
              "key": undefined,
              "nodeType": "function",
              "props": Object {
                "children": "SportMonks",
                "href": "https://www.sportmonks.com",
              },
              "ref": null,
              "rendered": "SportMonks",
              "type": [Function],
            },
            " provides fast and reliable data for different kind of sports.",
          ],
          "type": [Function],
        },
      ],
      "type": [Function],
    },
  ],
  Symbol(enzyme.__options__): Object {
    "adapter": ReactSixteenAdapter {
      "options": Object {
        "enableComponentDidUpdateOnSetState": true,
      },
    },
  },
}
`;
