// Jest Snapshot v1, https://goo.gl/fbAQLP

exports[`Global error component must render properly 1`] = `
ShallowWrapper {
  "length": 1,
  Symbol(enzyme.__root__): [Circular],
  Symbol(enzyme.__unrendered__): <CustomSnackbar
    message="sample"
    onClose={[MockFunction]}
    open={false}
  />,
  Symbol(enzyme.__renderer__): Object {
    "batchedUpdates": [Function],
    "getNode": [Function],
    "render": [Function],
    "simulateEvent": [Function],
    "unmount": [Function],
  },
  Symbol(enzyme.__node__): Object {
    "instance": null,
    "key": undefined,
    "nodeType": "class",
    "props": Object {
      "SnackbarContentProps": Object {
        "aria-describedby": "message-id",
      },
      "action": Array [
        <WithStyles(IconButton)
          aria-label="Close"
          className="icon-close"
          color="inherit"
          onClick={[Function]}
        >
          <pure(Close) />
        </WithStyles(IconButton)>,
      ],
      "anchorOrigin": Object {
        "horizontal": "right",
        "vertical": "top",
      },
      "autoHideDuration": 6000,
      "message": <span
        id="message-id"
      >
        sample
      </span>,
      "onClose": [Function],
      "open": false,
    },
    "ref": null,
    "rendered": null,
    "type": [Function],
  },
  Symbol(enzyme.__nodes__): Array [
    Object {
      "instance": null,
      "key": undefined,
      "nodeType": "class",
      "props": Object {
        "SnackbarContentProps": Object {
          "aria-describedby": "message-id",
        },
        "action": Array [
          <WithStyles(IconButton)
            aria-label="Close"
            className="icon-close"
            color="inherit"
            onClick={[Function]}
          >
            <pure(Close) />
          </WithStyles(IconButton)>,
        ],
        "anchorOrigin": Object {
          "horizontal": "right",
          "vertical": "top",
        },
        "autoHideDuration": 6000,
        "message": <span
          id="message-id"
        >
          sample
        </span>,
        "onClose": [Function],
        "open": false,
      },
      "ref": null,
      "rendered": null,
      "type": [Function],
    },
  ],
  Symbol(enzyme.__options__): Object {
    "adapter": ReactSixteenAdapter {
      "options": Object {
        "enableComponentDidUpdateOnSetState": true,
      },
    },
  },
}
`;
